2019-06-25 01:58:57
